
> vertex3-temp@0.1.0 build
> next build

  Γû▓ Next.js 14.2.35
  - Environments: .env.local

   Creating an optimized production build ...
node.exe :  ΓÜá Compiled 
with warnings
At C:\Program 
Files\nodejs\npm.ps1:29 
char:3
+   & $NODE_EXE $NPM_CLI_JS 
$args
+   
~~~~~~~~~~~~~~~~~~~~~~~~~~~~~
    + CategoryInfo           
   : NotSpecified: ( ΓÜá Co  
  mpiled with warnings:Str   
 ing) [], RemoteException
    + FullyQualifiedErrorId  
   : NativeCommandError
 

./app/(dashboard)/profile/pag
e.tsx
Attempted import error: 
'Linkedin' is not exported 
from '__barrel_optimize__?nam
es=Edit3,ExternalLink,Globe,L
inkedin,Loader2,Save,Trophy,X
!=!lucide-react' (imported 
as 'Linkedin').

Import trace for requested 
module:
./app/(dashboard)/profile/pag
e.tsx

./app/(dashboard)/referral/pa
ge.tsx
Attempted import error: 
'Linkedin' is not exported 
from '__barrel_optimize__?nam
es=CheckCheck,Copy,Gift,Linke
din,Loader2,MessageCircle,Sha
re2,Star,Twitter,Users!=!luci
de-react' (imported as 
'Linkedin').

Import trace for requested 
module:
./app/(dashboard)/referral/pa
ge.tsx

./app/(dashboard)/referral/pa
ge.tsx
Attempted import error: 
'Twitter' is not exported 
from '__barrel_optimize__?nam
es=CheckCheck,Copy,Gift,Linke
din,Loader2,MessageCircle,Sha
re2,Star,Twitter,Users!=!luci
de-react' (imported as 
'Twitter').

Import trace for requested 
module:
./app/(dashboard)/referral/pa
ge.tsx

./components/profile/ProfileH
eader.tsx
Attempted import error: 
'Github' is not exported 
from '__barrel_optimize__?nam
es=Camera,ExternalLink,Github
,GraduationCap,MapPin!=!lucid
e-react' (imported as 
'Github').

Import trace for requested 
module:
./components/profile/ProfileH
eader.tsx
./app/(dashboard)/profile/pag
e.tsx

 ΓÜá Compiled with warnings

./app/(dashboard)/profile/pag
e.tsx
Attempted import error: 
'Linkedin' is not exported 
from '__barrel_optimize__?nam
es=Edit3,ExternalLink,Globe,L
inkedin,Loader2,Save,Trophy,X
!=!lucide-react' (imported 
as 'Linkedin').

Import trace for requested 
module:
./app/(dashboard)/profile/pag
e.tsx

./app/(dashboard)/referral/pa
ge.tsx
Attempted import error: 
'Linkedin' is not exported 
from '__barrel_optimize__?nam
es=CheckCheck,Copy,Gift,Linke
din,Loader2,MessageCircle,Sha
re2,Star,Twitter,Users!=!luci
de-react' (imported as 
'Linkedin').

Import trace for requested 
module:
./app/(dashboard)/referral/pa
ge.tsx

./app/(dashboard)/referral/pa
ge.tsx
Attempted import error: 
'Twitter' is not exported 
from '__barrel_optimize__?nam
es=CheckCheck,Copy,Gift,Linke
din,Loader2,MessageCircle,Sha
re2,Star,Twitter,Users!=!luci
de-react' (imported as 
'Twitter').

Import trace for requested 
module:
./app/(dashboard)/referral/pa
ge.tsx

./components/profile/ProfileH
eader.tsx
Attempted import error: 
'Github' is not exported 
from '__barrel_optimize__?nam
es=Camera,ExternalLink,Github
,GraduationCap,MapPin!=!lucid
e-react' (imported as 
'Github').

Import trace for requested 
module:
./components/profile/ProfileH
eader.tsx
./app/(dashboard)/profile/[us
ername]/page.tsx

 Γ£ô Compiled successfully
   Linting and checking validity of types ...

Failed to compile.

./app/(admin)/admin/hackathon
s/page.tsx
7:3  Error: 'MapPin' is 
defined but never used.  @typ
escript-eslint/no-unused-vars
7:16  Error: 'MoreVertical' 
is defined but never used.  @
typescript-eslint/no-unused-v
ars
8:25  Error: 'Filter' is 
defined but never used.  @typ
escript-eslint/no-unused-vars
16:31  Error: 'DialogFooter' 
is defined but never used.  @
typescript-eslint/no-unused-v
ars
23:48  Error: Unexpected 
any. Specify a different 
type.  @typescript-eslint/no-
explicit-any
41:6  Warning: React Hook 
useEffect has a missing 
dependency: 
'fetchHackathons'. Either 
include it or remove the 
dependency array.  
react-hooks/exhaustive-deps

./app/(admin)/admin/page.tsx
7:17  Error: 
'ArrowDownRight' is defined 
but never used.  @typescript-
eslint/no-unused-vars
54:65  Error: Unexpected 
any. Specify a different 
type.  @typescript-eslint/no-
explicit-any
168:24  Error: Unexpected 
any. Specify a different 
type.  @typescript-eslint/no-
explicit-any

./app/(admin)/admin/users/pag
e.tsx
9:32  Error: 'ArrowRight' is 
defined but never used.  @typ
escript-eslint/no-unused-vars
15:10  Error: 'Card' is 
defined but never used.  @typ
escript-eslint/no-unused-vars
15:16  Error: 'CardContent' 
is defined but never used.  @
typescript-eslint/no-unused-v
ars
23:38  Error: Unexpected 
any. Specify a different 
type.  @typescript-eslint/no-
explicit-any
29:6  Warning: React Hook 
useEffect has a missing 
dependency: 'fetchUsers'. 
Either include it or remove 
the dependency array.  
react-hooks/exhaustive-deps
204:24  Error: Unexpected 
any. Specify a different 
type.  @typescript-eslint/no-
explicit-any

./app/(admin)/layout.tsx
8:3  Error: 'Settings' is 
defined but never used.  @typ
escript-eslint/no-unused-vars

./app/(dashboard)/dashboard/p
age.tsx
6:3  Error: 'Users' is 
defined but never used.  @typ
escript-eslint/no-unused-vars
7:3  Error: 'Search' is 
defined but never used.  @typ
escript-eslint/no-unused-vars
8:3  Error: 'MessageSquare' 
is defined but never used.  @
typescript-eslint/no-unused-v
ars
12:3  Error: 'Flame' is 
defined but never used.  @typ
escript-eslint/no-unused-vars
13:3  Error: 'CheckCircle2' 
is defined but never used.  @
typescript-eslint/no-unused-v
ars
15:3  Error: 'Crown' is 
defined but never used.  @typ
escript-eslint/no-unused-vars
21:16  Error: 'CardContent' 
is defined but never used.  @
typescript-eslint/no-unused-v
ars
21:29  Error: 'CardHeader' 
is defined but never used.  @
typescript-eslint/no-unused-v
ars
21:41  Error: 'CardTitle' is 
defined but never used.  @typ
escript-eslint/no-unused-vars
21:52  Error: 
'CardDescription' is defined 
but never used.  @typescript-
eslint/no-unused-vars
118:61  Error: `'` can be 
escaped with `&apos;`, 
`&lsquo;`, `&#39;`, 
`&rsquo;`.  
react/no-unescaped-entities
118:68  Error: `'` can be 
escaped with `&apos;`, 
`&lsquo;`, `&#39;`, 
`&rsquo;`.  
react/no-unescaped-entities

./app/(dashboard)/explore/pag
e.tsx
404:58  Error: Unexpected 
any. Specify a different 
type.  @typescript-eslint/no-
explicit-any

./app/(dashboard)/hackathons/
page.tsx
5:11  Error: 'Filter' is 
defined but never used.  @typ
escript-eslint/no-unused-vars
5:19  Error: 
'SlidersHorizontal' is 
defined but never used.  @typ
escript-eslint/no-unused-vars
6:3  Error: 'Globe' is 
defined but never used.  @typ
escript-eslint/no-unused-vars
6:10  Error: 'MapPin' is 
defined but never used.  @typ
escript-eslint/no-unused-vars
6:18  Error: 'Calendar' is 
defined but never used.  @typ
escript-eslint/no-unused-vars
6:37  Error: 'Bookmark' is 
defined but never used.  @typ
escript-eslint/no-unused-vars
29:48  Error: Unexpected 
any. Specify a different 
type.  @typescript-eslint/no-
explicit-any
44:6  Warning: React Hook 
useEffect has missing 
dependencies: 
'fetchHackathons' and 
'fetchSavedIds'. Either 
include them or remove the 
dependency array.  
react-hooks/exhaustive-deps
85:19  Error: 'error' is 
assigned a value but never 
used.  @typescript-eslint/no-
unused-vars

./app/(dashboard)/hackathons/
saved/page.tsx
4:10  Error: 'Trophy' is 
defined but never used.  @typ
escript-eslint/no-unused-vars
4:18  Error: 'Loader2' is 
defined but never used.  @typ
escript-eslint/no-unused-vars
13:48  Error: Unexpected 
any. Specify a different 
type.  @typescript-eslint/no-
explicit-any
14:10  Error: 'savedIds' is 
assigned a value but never 
used.  @typescript-eslint/no-
unused-vars
18:6  Warning: React Hook 
useEffect has a missing 
dependency: 
'fetchSavedHackathons'. 
Either include it or remove 
the dependency array.  
react-hooks/exhaustive-deps
26:39  Error: 'savedError' 
is assigned a value but 
never used.  @typescript-esli
nt/no-unused-vars
35:41  Error: Unexpected 
any. Specify a different 
type.  @typescript-eslint/no-
explicit-any
37:35  Error: Unexpected 
any. Specify a different 
type.  @typescript-eslint/no-
explicit-any
68:79  Error: `'` can be 
escaped with `&apos;`, 
`&lsquo;`, `&#39;`, 
`&rsquo;`.  
react/no-unescaped-entities
94:67  Error: `'` can be 
escaped with `&apos;`, 
`&lsquo;`, `&#39;`, 
`&rsquo;`.  
react/no-unescaped-entities

./app/(dashboard)/messages/pa
ge.tsx
13:54  Error: Unexpected 
any. Specify a different 
type.  @typescript-eslint/no-
explicit-any
14:50  Error: Unexpected 
any. Specify a different 
type.  @typescript-eslint/no-
explicit-any
40:70  Error: Unexpected 
any. Specify a different 
type.  @typescript-eslint/no-
explicit-any
41:66  Error: Unexpected 
any. Specify a different 
type.  @typescript-eslint/no-
explicit-any
56:54  Error: Unexpected 
any. Specify a different 
type.  @typescript-eslint/no-
explicit-any
56:62  Error: Unexpected 
any. Specify a different 
type.  @typescript-eslint/no-
explicit-any
60:56  Error: Unexpected 
any. Specify a different 
type.  @typescript-eslint/no-
explicit-any

./app/(dashboard)/messages/[i
d]/page.tsx
8:10  Error: 'cn' is defined 
but never used.  @typescript-
eslint/no-unused-vars
16:54  Error: Unexpected 
any. Specify a different 
type.  @typescript-eslint/no-
explicit-any
17:50  Error: Unexpected 
any. Specify a different 
type.  @typescript-eslint/no-
explicit-any
43:70  Error: Unexpected 
any. Specify a different 
type.  @typescript-eslint/no-
explicit-any
44:66  Error: Unexpected 
any. Specify a different 
type.  @typescript-eslint/no-
explicit-any
59:54  Error: Unexpected 
any. Specify a different 
type.  @typescript-eslint/no-
explicit-any
59:62  Error: Unexpected 
any. Specify a different 
type.  @typescript-eslint/no-
explicit-any
63:56  Error: Unexpected 
any. Specify a different 
type.  @typescript-eslint/no-
explicit-any

./app/(dashboard)/notificatio
ns/page.tsx
7:3  Error: 'Trophy' is 
defined but never used.  @typ
escript-eslint/no-unused-vars
8:24  Error: 'Trash2' is 
defined but never used.  @typ
escript-eslint/no-unused-vars
33:34  Error: Unexpected 
any. Specify a different 
type.  @typescript-eslint/no-
explicit-any
47:45  Error: Unexpected 
any. Specify a different 
type.  @typescript-eslint/no-
explicit-any
59:48  Error: Unexpected 
any. Specify a different 
type.  @typescript-eslint/no-
explicit-any
142:63  Error: `'` can be 
escaped with `&apos;`, 
`&lsquo;`, `&#39;`, 
`&rsquo;`.  
react/no-unescaped-entities
143:96  Error: `'` can be 
escaped with `&apos;`, 
`&lsquo;`, `&#39;`, 
`&rsquo;`.  
react/no-unescaped-entities

./app/(dashboard)/profile/pag
e.tsx
5:28  Error: 'Share2' is 
defined but never used.  @typ
escript-eslint/no-unused-vars
5:36  Error: 'Github' is 
defined but never used.  @typ
escript-eslint/no-unused-vars
6:3  Error: 'Twitter' is 
defined but never used.  @typ
escript-eslint/no-unused-vars
6:41  Error: 'Mail' is 
defined but never used.  @typ
escript-eslint/no-unused-vars
6:47  Error: 'Plus' is 
defined but never used.  @typ
escript-eslint/no-unused-vars
10:16  Error: 'CardContent' 
is defined but never used.  @
typescript-eslint/no-unused-v
ars
22:42  Error: Unexpected 
any. Specify a different 
type.  @typescript-eslint/no-
explicit-any
23:40  Error: Unexpected 
any. Specify a different 
type.  @typescript-eslint/no-
explicit-any
24:44  Error: Unexpected 
any. Specify a different 
type.  @typescript-eslint/no-
explicit-any
26:36  Error: Unexpected 
any. Specify a different 
type.  @typescript-eslint/no-
explicit-any
127:21  Error: Unexpected 
any. Specify a different 
type.  @typescript-eslint/no-
explicit-any
161:21  Error: Unexpected 
any. Specify a different 
type.  @typescript-eslint/no-
explicit-any
404:22  Error: 'BadgeIcon' 
is not defined.  
react/jsx-no-undef
429:24  Error: Unexpected 
any. Specify a different 
type.  @typescript-eslint/no-
explicit-any

./app/(dashboard)/profile/[us
ername]/page.tsx
7:39  Error: 'Mail' is 
defined but never used.  @typ
escript-eslint/no-unused-vars
24:42  Error: Unexpected 
any. Specify a different 
type.  @typescript-eslint/no-
explicit-any
25:40  Error: Unexpected 
any. Specify a different 
type.  @typescript-eslint/no-
explicit-any
26:44  Error: Unexpected 
any. Specify a different 
type.  @typescript-eslint/no-
explicit-any
27:50  Error: Unexpected 
any. Specify a different 
type.  @typescript-eslint/no-
explicit-any
91:52  Error: Unexpected 
any. Specify a different 
type.  @typescript-eslint/no-
explicit-any
148:63  Error: `'` can be 
escaped with `&apos;`, 
`&lsquo;`, `&#39;`, 
`&rsquo;`.  
react/no-unescaped-entities
148:84  Error: `'` can be 
escaped with `&apos;`, 
`&lsquo;`, `&#39;`, 
`&rsquo;`.  
react/no-unescaped-entities
340:74  Error: `'` can be 
escaped with `&apos;`, 
`&lsquo;`, `&#39;`, 
`&rsquo;`.  
react/no-unescaped-entities

./app/(dashboard)/referral/pa
ge.tsx
6:37  Error: 'ArrowRight' is 
defined but never used.  @typ
escript-eslint/no-unused-vars
21:46  Error: Unexpected 
any. Specify a different 
type.  @typescript-eslint/no-
explicit-any
181:15  Error: `"` can be 
escaped with `&quot;`, 
`&ldquo;`, `&#34;`, 
`&rdquo;`.  
react/no-unescaped-entities
181:35  Error: `'` can be 
escaped with `&apos;`, 
`&lsquo;`, `&#39;`, 
`&rsquo;`.  
react/no-unescaped-entities
181:85  Error: `"` can be 
escaped with `&quot;`, 
`&ldquo;`, `&#34;`, 
`&rdquo;`.  
react/no-unescaped-entities

./app/(dashboard)/teams/page.
tsx
5:16  Error: 'Trophy' is 
defined but never used.  @typ
escript-eslint/no-unused-vars
5:33  Error: 'Search' is 
defined but never used.  @typ
escript-eslint/no-unused-vars
6:3  Error: 'ChevronRight' 
is defined but never used.  @
typescript-eslint/no-unused-v
ars
6:17  Error: 'Lightbulb' is 
defined but never used.  @typ
escript-eslint/no-unused-vars
6:36  Error: 'X' is defined 
but never used.  @typescript-
eslint/no-unused-vars
9:10  Error: 'Card' is 
defined but never used.  @typ
escript-eslint/no-unused-vars
35:42  Error: Unexpected 
any. Specify a different 
type.  @typescript-eslint/no-
explicit-any
36:50  Error: Unexpected 
any. Specify a different 
type.  @typescript-eslint/no-
explicit-any
37:48  Error: Unexpected 
any. Specify a different 
type.  @typescript-eslint/no-
explicit-any
54:6  Warning: React Hook 
useEffect has missing 
dependencies: 
'fetchHackathons' and 
'fetchTeams'. Either include 
them or remove the 
dependency array.  
react-hooks/exhaustive-deps
95:33  Error: Unexpected 
any. Specify a different 
type.  @typescript-eslint/no-
explicit-any
98:45  Error: Unexpected 
any. Specify a different 
type.  @typescript-eslint/no-
explicit-any
98:86  Error: Unexpected 
any. Specify a different 
type.  @typescript-eslint/no-
explicit-any
102:38  Error: Unexpected 
any. Specify a different 
type.  @typescript-eslint/no-
explicit-any
353:76  Error: `'` can be 
escaped with `&apos;`, 
`&lsquo;`, `&#39;`, 
`&rsquo;`.  
react/no-unescaped-entities

./app/(dashboard)/teams/[id]/
page.tsx
23:36  Error: Unexpected 
any. Specify a different 
type.  @typescript-eslint/no-
explicit-any
24:42  Error: Unexpected 
any. Specify a different 
type.  @typescript-eslint/no-
explicit-any
25:56  Error: Unexpected 
any. Specify a different 
type.  @typescript-eslint/no-
explicit-any
26:50  Error: Unexpected 
any. Specify a different 
type.  @typescript-eslint/no-
explicit-any
34:6  Warning: React Hook 
useEffect has a missing 
dependency: 'fetchTeamData'. 
Either include it or remove 
the dependency array.  
react-hooks/exhaustive-deps

./app/(dashboard)/upgrade/pag
e.tsx
5:41  Error: 'Star' is 
defined but never used.  @typ
escript-eslint/no-unused-vars
6:15  Error: 'ToggleLeft' is 
defined but never used.  @typ
escript-eslint/no-unused-vars
6:27  Error: 'ToggleRight' 
is defined but never used.  @
typescript-eslint/no-unused-v
ars
6:40  Error: 'ArrowRight' is 
defined but never used.  @typ
escript-eslint/no-unused-vars
16:15  Error: Unexpected 
any. Specify a different 
type.  @typescript-eslint/no-
explicit-any
66:38  Error: Unexpected 
any. Specify a different 
type.  @typescript-eslint/no-
explicit-any
86:44  Error: Unexpected 
any. Specify a different 
type.  @typescript-eslint/no-
explicit-any

./app/(public)/page.tsx
3:3  Error: 'Users' is 
defined but never used.  @typ
escript-eslint/no-unused-vars

./app/not-found.tsx
11:28  Error: `'` can be 
escaped with `&apos;`, 
`&lsquo;`, `&#39;`, 
`&rsquo;`.  
react/no-unescaped-entities
11:49  Error: `'` can be 
escaped with `&apos;`, 
`&lsquo;`, `&#39;`, 
`&rsquo;`.  
react/no-unescaped-entities

./components/cards/BuilderCar
d.tsx
4:8  Error: 'Image' is 
defined but never used.  @typ
escript-eslint/no-unused-vars
5:8  Error: 'Link' is 
defined but never used.  @typ
escript-eslint/no-unused-vars
6:58  Error: 'ChevronRight' 
is defined but never used.  @
typescript-eslint/no-unused-v
ars

./components/cards/HackathonC
ard.tsx
7:3  Error: 'Calendar' is 
defined but never used.  @typ
escript-eslint/no-unused-vars
8:3  Error: 'Tag' is defined 
but never used.  @typescript-
eslint/no-unused-vars
9:3  Error: 'ChevronRight' 
is defined but never used.  @
typescript-eslint/no-unused-v
ars

./components/cards/TeamCard.t
sx
5:3  Error: 'Users' is 
defined but never used.  @typ
escript-eslint/no-unused-vars
6:3  Error: 'Lightbulb' is 
defined but never used.  @typ
escript-eslint/no-unused-vars
9:3  Error: 'UserPlus' is 
defined but never used.  @typ
escript-eslint/no-unused-vars
10:3  Error: 'CheckCircle2' 
is defined but never used.  @
typescript-eslint/no-unused-v
ars

./components/chat/ChatWindow.
tsx
6:51  Error: 'X' is defined 
but never used.  @typescript-
eslint/no-unused-vars
10:10  Error: 'Input' is 
defined but never used.  @typ
escript-eslint/no-unused-vars
17:17  Error: Unexpected 
any. Specify a different 
type.  @typescript-eslint/no-
explicit-any
18:16  Error: Unexpected 
any. Specify a different 
type.  @typescript-eslint/no-
explicit-any

./components/chat/Conversatio
nList.tsx
12:18  Error: Unexpected 
any. Specify a different 
type.  @typescript-eslint/no-
explicit-any

./components/chat/MessageBubb
le.tsx
9:12  Error: Unexpected any. 
Specify a different type.  @t
ypescript-eslint/no-explicit-
any
28:11  Warning: Using 
`<img>` could result in 
slower LCP and higher 
bandwidth. Consider using 
`<Image />` from 
`next/image` to 
automatically optimize 
images. This may incur 
additional usage or cost 
from your provider. See: http
s://nextjs.org/docs/messages/
no-img-element  
@next/next/no-img-element

./components/layout/Sidebar.t
sx
16:3  Error: 'ChevronRight' 
is defined but never used.  @
typescript-eslint/no-unused-v
ars

./components/profile/ProfileH
eader.tsx
4:63  Error: 'Mail' is 
defined but never used.  @typ
escript-eslint/no-unused-vars
6:10  Error: 'Button' is 
defined but never used.  @typ
escript-eslint/no-unused-vars
12:12  Error: Unexpected 
any. Specify a different 
type.  @typescript-eslint/no-
explicit-any
13:11  Error: Unexpected 
any. Specify a different 
type.  @typescript-eslint/no-
explicit-any
15:9  Error: Unexpected any. 
Specify a different type.  @t
ypescript-eslint/no-explicit-
any
16:19  Error: Unexpected 
any. Specify a different 
type.  @typescript-eslint/no-
explicit-any
28:3  Error: 'isOwnProfile' 
is assigned a value but 
never used.  @typescript-esli
nt/no-unused-vars

./components/ui/select.tsx
6:18  Error: An interface 
declaring no members is 
equivalent to its supertype. 
 @typescript-eslint/no-empty-
object-type

./components/ui/textarea.tsx
6:18  Error: An interface 
declaring no members is 
equivalent to its supertype. 
 @typescript-eslint/no-empty-
object-type

./lib/types/database.types.ts
147:12  Error: The `{}` 
("empty object") type allows 
any non-nullish value, 
including literals like `0` 
and `""`.
- If that's what you want, 
disable this lint rule with 
an inline comment or 
configure the 
'allowObjectTypes' rule 
option.
- If you want a type meaning 
"any object", you probably 
want `object` instead.
- If you want a type meaning 
"any value", you probably 
want `unknown` instead.  @typ
escript-eslint/no-empty-objec
t-type
148:16  Error: The `{}` 
("empty object") type allows 
any non-nullish value, 
including literals like `0` 
and `""`.
- If that's what you want, 
disable this lint rule with 
an inline comment or 
configure the 
'allowObjectTypes' rule 
option.
- If you want a type meaning 
"any object", you probably 
want `object` instead.
- If you want a type meaning 
"any value", you probably 
want `unknown` instead.  @typ
escript-eslint/no-empty-objec
t-type
149:12  Error: The `{}` 
("empty object") type allows 
any non-nullish value, 
including literals like `0` 
and `""`.
- If that's what you want, 
disable this lint rule with 
an inline comment or 
configure the 
'allowObjectTypes' rule 
option.
- If you want a type meaning 
"any object", you probably 
want `object` instead.
- If you want a type meaning 
"any value", you probably 
want `unknown` instead.  @typ
escript-eslint/no-empty-objec
t-type

info  - Need to disable some 
ESLint rules? Learn more 
here: https://nextjs.org/docs
/basic-features/eslint#disabl
ing-rules
